// Jest Snapshot v1, https://goo.gl/fbAQLP

exports[`App component renders green 1`] = `
<div>
  <button
    type="button"
  >
    Click Me
  </button>
  <h1>
    Green
  </h1>
</div>
`;
